Archive member included to satisfy reference by file (symbol)

D:/PhanMemSTM32CUBE/PhanmemCUBEIDE+workspace/STM32CubeIDE/plugins/com.st.stm32cube.ide.mcu.externaltools.gnu-tools-for-stm32.11.3.rel1.win32_1.1.100.202309141235/tools/bin/../lib/gcc/arm-none-eabi/11.3.1/../../../../arm-none-eabi/lib/thumb/v7-m/nofp\libc_nano.a(libc_a-exit.o)
                              D:/PhanMemSTM32CUBE/PhanmemCUBEIDE+workspace/STM32CubeIDE/plugins/com.st.stm32cube.ide.mcu.externaltools.gnu-tools-for-stm32.11.3.rel1.win32_1.1.100.202309141235/tools/bin/../lib/gcc/arm-none-eabi/11.3.1/../../../../arm-none-eabi/lib/thumb/v7-m/nofp/crt0.o (exit)
D:/PhanMemSTM32CUBE/PhanmemCUBEIDE+workspace/STM32CubeIDE/plugins/com.st.stm32cube.ide.mcu.externaltools.gnu-tools-for-stm32.11.3.rel1.win32_1.1.100.202309141235/tools/bin/../lib/gcc/arm-none-eabi/11.3.1/../../../../arm-none-eabi/lib/thumb/v7-m/nofp\libc_nano.a(libc_a-findfp.o)
                              D:/PhanMemSTM32CUBE/PhanmemCUBEIDE+workspace/STM32CubeIDE/plugins/com.st.stm32cube.ide.mcu.externaltools.gnu-tools-for-stm32.11.3.rel1.win32_1.1.100.202309141235/tools/bin/../lib/gcc/arm-none-eabi/11.3.1/../../../../arm-none-eabi/lib/thumb/v7-m/nofp\libc_nano.a(libc_a-exit.o) (__stdio_exit_handler)
D:/PhanMemSTM32CUBE/PhanmemCUBEIDE+workspace/STM32CubeIDE/plugins/com.st.stm32cube.ide.mcu.externaltools.gnu-tools-for-stm32.11.3.rel1.win32_1.1.100.202309141235/tools/bin/../lib/gcc/arm-none-eabi/11.3.1/../../../../arm-none-eabi/lib/thumb/v7-m/nofp\libc_nano.a(libc_a-fwalk.o)
                              D:/PhanMemSTM32CUBE/PhanmemCUBEIDE+workspace/STM32CubeIDE/plugins/com.st.stm32cube.ide.mcu.externaltools.gnu-tools-for-stm32.11.3.rel1.win32_1.1.100.202309141235/tools/bin/../lib/gcc/arm-none-eabi/11.3.1/../../../../arm-none-eabi/lib/thumb/v7-m/nofp\libc_nano.a(libc_a-findfp.o) (_fwalk_sglue)
D:/PhanMemSTM32CUBE/PhanmemCUBEIDE+workspace/STM32CubeIDE/plugins/com.st.stm32cube.ide.mcu.externaltools.gnu-tools-for-stm32.11.3.rel1.win32_1.1.100.202309141235/tools/bin/../lib/gcc/arm-none-eabi/11.3.1/../../../../arm-none-eabi/lib/thumb/v7-m/nofp\libc_nano.a(libc_a-stdio.o)
                              D:/PhanMemSTM32CUBE/PhanmemCUBEIDE+workspace/STM32CubeIDE/plugins/com.st.stm32cube.ide.mcu.externaltools.gnu-tools-for-stm32.11.3.rel1.win32_1.1.100.202309141235/tools/bin/../lib/gcc/arm-none-eabi/11.3.1/../../../../arm-none-eabi/lib/thumb/v7-m/nofp\libc_nano.a(libc_a-findfp.o) (__sread)
D:/PhanMemSTM32CUBE/PhanmemCUBEIDE+workspace/STM32CubeIDE/plugins/com.st.stm32cube.ide.mcu.externaltools.gnu-tools-for-stm32.11.3.rel1.win32_1.1.100.202309141235/tools/bin/../lib/gcc/arm-none-eabi/11.3.1/../../../../arm-none-eabi/lib/thumb/v7-m/nofp\libc_nano.a(libc_a-memset.o)
                              D:/PhanMemSTM32CUBE/PhanmemCUBEIDE+workspace/STM32CubeIDE/plugins/com.st.stm32cube.ide.mcu.externaltools.gnu-tools-for-stm32.11.3.rel1.win32_1.1.100.202309141235/tools/bin/../lib/gcc/arm-none-eabi/11.3.1/../../../../arm-none-eabi/lib/thumb/v7-m/nofp/crt0.o (memset)
D:/PhanMemSTM32CUBE/PhanmemCUBEIDE+workspace/STM32CubeIDE/plugins/com.st.stm32cube.ide.mcu.externaltools.gnu-tools-for-stm32.11.3.rel1.win32_1.1.100.202309141235/tools/bin/../lib/gcc/arm-none-eabi/11.3.1/../../../../arm-none-eabi/lib/thumb/v7-m/nofp\libc_nano.a(libc_a-closer.o)
                              D:/PhanMemSTM32CUBE/PhanmemCUBEIDE+workspace/STM32CubeIDE/plugins/com.st.stm32cube.ide.mcu.externaltools.gnu-tools-for-stm32.11.3.rel1.win32_1.1.100.202309141235/tools/bin/../lib/gcc/arm-none-eabi/11.3.1/../../../../arm-none-eabi/lib/thumb/v7-m/nofp\libc_nano.a(libc_a-stdio.o) (_close_r)
D:/PhanMemSTM32CUBE/PhanmemCUBEIDE+workspace/STM32CubeIDE/plugins/com.st.stm32cube.ide.mcu.externaltools.gnu-tools-for-stm32.11.3.rel1.win32_1.1.100.202309141235/tools/bin/../lib/gcc/arm-none-eabi/11.3.1/../../../../arm-none-eabi/lib/thumb/v7-m/nofp\libc_nano.a(libc_a-reent.o)
                              D:/PhanMemSTM32CUBE/PhanmemCUBEIDE+workspace/STM32CubeIDE/plugins/com.st.stm32cube.ide.mcu.externaltools.gnu-tools-for-stm32.11.3.rel1.win32_1.1.100.202309141235/tools/bin/../lib/gcc/arm-none-eabi/11.3.1/../../../../arm-none-eabi/lib/thumb/v7-m/nofp\libc_nano.a(libc_a-closer.o) (errno)
D:/PhanMemSTM32CUBE/PhanmemCUBEIDE+workspace/STM32CubeIDE/plugins/com.st.stm32cube.ide.mcu.externaltools.gnu-tools-for-stm32.11.3.rel1.win32_1.1.100.202309141235/tools/bin/../lib/gcc/arm-none-eabi/11.3.1/../../../../arm-none-eabi/lib/thumb/v7-m/nofp\libc_nano.a(libc_a-impure.o)
                              D:/PhanMemSTM32CUBE/PhanmemCUBEIDE+workspace/STM32CubeIDE/plugins/com.st.stm32cube.ide.mcu.externaltools.gnu-tools-for-stm32.11.3.rel1.win32_1.1.100.202309141235/tools/bin/../lib/gcc/arm-none-eabi/11.3.1/../../../../arm-none-eabi/lib/thumb/v7-m/nofp\libc_nano.a(libc_a-reent.o) (_impure_ptr)
[...]
Memory Configuration

Name             Origin             Length             Attributes
RAM              0x0000000020000000 0x0000000000002800 xrw
FLASH            0x0000000008000000 0x0000000000008000 xr
*default*        0x0000000000000000 0xffffffffffffffff

Linker script and memory map

LOAD D:/PhanMemSTM32CUBE/PhanmemCUBEIDE+workspace/STM32CubeIDE/plugins/com.st.stm32cube.ide.mcu.externaltools.gnu-tools-for-stm32.11.3.rel1.win32_1.1.100.202309141235/tools/bin/../lib/gcc/arm-none-eabi/11.3.1/thumb/v7-m/nofp/crti.o
LOAD D:/PhanMemSTM32CUBE/PhanmemCUBEIDE+workspace/STM32CubeIDE/plugins/com.st.stm32cube.ide.mcu.externaltools.gnu-tools-for-stm32.11.3.rel1.win32_1.1.100.202309141235/tools/bin/../lib/gcc/arm-none-eabi/11.3.1/thumb/v7-m/nofp/crtbegin.o
LOAD D:/PhanMemSTM32CUBE/PhanmemCUBEIDE+workspace/STM32CubeIDE/plugins/com.st.stm32cube.ide.mcu.externaltools.gnu-tools-for-stm32.11.3.rel1.win32_1.1.100.202309141235/tools/bin/../lib/gcc/arm-none-eabi/11.3.1/../../../../arm-none-eabi/lib/thumb/v7-m/nofp/crt0.o
LOAD ./Core/Src/SEG7.o
LOAD ./Core/Src/main.o
LOAD ./Core/Src/software_timer.o
LOAD ./Core/Src/stm32f1xx_hal_msp.o
LOAD ./Core/Src/stm32f1xx_it.o
LOAD ./Core/Src/syscalls.o
LOAD ./Core/Src/sysmem.o
LOAD ./Core/Src/system_stm32f1xx.o
LOAD ./Core/Startup/startup_stm32f103c6tx.o
LOAD ./Drivers/STM32F1xx_HAL_Driver/Src/stm32f1xx_hal.o
LOAD ./Drivers/STM32F1xx_HAL_Driver/Src/stm32f1xx_hal_cortex.o
LOAD ./Drivers/STM32F1xx_HAL_Driver/Src/stm32f1xx_hal_dma.o
LOAD ./Drivers/STM32F1xx_HAL_Driver/Src/stm32f1xx_hal_exti.o
LOAD ./Drivers/STM32F1xx_HAL_Driver/Src/stm32f1xx_hal_flash.o
LOAD ./Drivers/STM32F1xx_HAL_Driver/Src/stm32f1xx_hal_flash_ex.o
LOAD ./Drivers/STM32F1xx_HAL_Driver/Src/stm32f1xx_hal_gpio.o
LOAD ./Drivers/STM32F1xx_HAL_Driver/Src/stm32f1xx_hal_gpio_ex.o
LOAD ./Drivers/STM32F1xx_HAL_Driver/Src/stm32f1xx_hal_pwr.o
LOAD ./Drivers/STM32F1xx_HAL_Driver/Src/stm32f1xx_hal_rcc.o
LOAD ./Drivers/STM32F1xx_HAL_Driver/Src/stm32f1xx_hal_rcc_ex.o
LOAD ./Drivers/STM32F1xx_HAL_Driver/Src/stm32f1xx_hal_tim.o
LOAD ./Drivers/STM32F1xx_HAL_Driver/Src/stm32f1xx_hal_tim_ex.o
START GROUP
LOAD D:/PhanMemSTM32CUBE/PhanmemCUBEIDE+workspace/STM32CubeIDE/plugins/com.st.stm32cube.ide.mcu.externaltools.gnu-tools-for-stm32.11.3.rel1.win32_1.1.100.202309141235/tools/bin/../lib/gcc/arm-none-eabi/11.3.1/../../../../arm-none-eabi/lib/thumb/v7-m/nofp\libc_nano.a
LOAD D:/PhanMemSTM32CUBE/PhanmemCUBEIDE+workspace/STM32CubeIDE/plugins/com.st.stm32cube.ide.mcu.externaltools.gnu-tools-for-stm32.11.3.rel1.win32_1.1.100.202309141235/tools/bin/../lib/gcc/arm-none-eabi/11.3.1/../../../../arm-none-eabi/lib/thumb/v7-m/nofp\libm.a
END GROUP
START GROUP
LOAD D:/PhanMemSTM32CUBE/PhanmemCUBEIDE+workspace/STM32CubeIDE/plugins/com.st.stm32cube.ide.mcu.externaltools.gnu-tools-for-stm32.11.3.rel1.win32_1.1.100.202309141235/tools/bin/../lib/gcc/arm-none-eabi/11.3.1/thumb/v7-m/nofp\libgcc.a
LOAD D:/PhanMemSTM32CUBE/PhanmemCUBEIDE+workspace/STM32CubeIDE/plugins/com.st.stm32cube.ide.mcu.externaltools.gnu-tools-for-stm32.11.3.rel1.win32_1.1.100.202309141235/tools/bin/../lib/gcc/arm-none-eabi/11.3.1/../../../../arm-none-eabi/lib/thumb/v7-m/nofp\libc_nano.a
END GROUP
START GROUP
LOAD D:/PhanMemSTM32CUBE/PhanmemCUBEIDE+workspace/STM32CubeIDE/plugins/com.st.stm32cube.ide.mcu.externaltools.gnu-tools-for-stm32.11.3.rel1.win32_1.1.100.202309141235/tools/bin/../lib/gcc/arm-none-eabi/11.3.1/thumb/v7-m/nofp\libgcc.a
LOAD D:/PhanMemSTM32CUBE/PhanmemCUBEIDE+workspace/STM32CubeIDE/plugins/com.st.stm32cube.ide.mcu.externaltools.gnu-tools-for-stm32.11.3.rel1.win32_1.1.100.202309141235/tools/bin/../lib/gcc/arm-none-eabi/11.3.1/../../../../arm-none-eabi/lib/thumb/v7-m/nofp\libc_nano.a
LOAD D:/PhanMemSTM32CUBE/PhanmemCUBEIDE+workspace/STM32CubeIDE/plugins/com.st.stm32cube.ide.mcu.externaltools.gnu-tools-for-stm32.11.3.rel1.win32_1.1.100.202309141235/tools/bin/../lib/gcc/arm-none-eabi/11.3.1/../../../../arm-none-eabi/lib/thumb/v7-m/nofp\libnosys.a
END GROUP
START GROUP
LOAD D:/PhanMemSTM32CUBE/PhanmemCUBEIDE+workspace/STM32CubeIDE/plugins/com.st.stm32cube.ide.mcu.externaltools.gnu-tools-for-stm32.11.3.rel1.win32_1.1.100.202309141235/tools/bin/../lib/gcc/arm-none-eabi/11.3.1/thumb/v7-m/nofp\libgcc.a
LOAD D:/PhanMemSTM32CUBE/PhanmemCUBEIDE+workspace/STM32CubeIDE/plugins/com.st.stm32cube.ide.mcu.externaltools.gnu-tools-for-stm32.11.3.rel1.win32_1.1.100.202309141235/tools/bin/../lib/gcc/arm-none-eabi/11.3.1/../../../../arm-none-eabi/lib/thumb/v7-m/nofp\libc_nano.a
LOAD D:/PhanMemSTM32CUBE/PhanmemCUBEIDE+workspace/STM32CubeIDE/plugins/com.st.stm32cube.ide.mcu.externaltools.gnu-tools-for-stm32.11.3.rel1.win32_1.1.100.202309141235/tools/bin/../lib/gcc/arm-none-eabi/11.3.1/../../../../arm-none-eabi/lib/thumb/v7-m/nofp\libnosys.a
END GROUP
LOAD D:/PhanMemSTM32CUBE/PhanmemCUBEIDE+workspace/STM32CubeIDE/plugins/com.st.stm32cube.ide.mcu.externaltools.gnu-tools-for-stm32.11.3.rel1.win32_1.1.100.202309141235/tools/bin/../lib/gcc/arm-none-eabi/11.3.1/thumb/v7-m/nofp/crtend.o
LOAD D:/PhanMemSTM32CUBE/PhanmemCUBEIDE+workspace/STM32CubeIDE/plugins/com.st.stm32cube.ide.mcu.externaltools.gnu-tools-for-stm32.11.3.rel1.win32_1.1.100.202309141235/tools/bin/../lib/gcc/arm-none-eabi/11.3.1/thumb/v7-m/nofp/crtn.o
                0x0000000020002800                _estack = (ORIGIN (RAM) + LENGTH (RAM))
                0x0000000000000200                _Min_Heap_Size = 0x200
                0x0000000000000400                _Min_Stack_Size = 0x400

.isr_vector     0x0000000008000000      0x10c
                0x0000000008000000                . = ALIGN (0x4)
 *(.isr_vector)
 .isr_vector    0x0000000008000000      0x10c ./Core/Startup/startup_stm32f103c6tx.o
                0x0000000008000000                g_pfnVectors
                0x000000000800010c                . = ALIGN (0x4)

.text           0x000000000800010c     0x1fe8
                0x000000000800010c                . = ALIGN (0x4)
 *(.text)
 .text          0x000000000800010c       0x40 D:/PhanMemSTM32CUBE/PhanmemCUBEIDE+workspace/STM32CubeIDE/plugins/com.st.stm32cube.ide.mcu.externaltools.gnu-tools-for-stm32.11.3.rel1.win32_1.1.100.202309141235/tools/bin/../lib/gcc/arm-none-eabi/11.3.1/thumb/v7-m/nofp/crtbegin.o
 *(.text*)
 .text.print_SEG7
                0x000000000800014c      0x31c ./Core/Src/SEG7.o
                0x000000000800014c                print_SEG7
 .text.update7SEG
                0x0000000008000468      0x118 ./Core/Src/SEG7.o
                0x0000000008000468                update7SEG
 .text.main     0x0000000008000580       0x74 ./Core/Src/main.o
                0x0000000008000580                main
 .text.SystemClock_Config
                0x00000000080005f4       0x76 ./Core/Src/main.o
                0x00000000080005f4                SystemClock_Config
 *fill*         0x000000000800066a        0x2 
 .text.MX_TIM2_Init
                0x000000000800066c       0x98 ./Core/Src/main.o
 .text.MX_GPIO_Init
                0x0000000008000704       0xac ./Core/Src/main.o
 .text.HAL_TIM_PeriodElapsedCallback
                0x00000000080007b0       0x14 ./Core/Src/main.o
                0x00000000080007b0                HAL_TIM_PeriodElapsedCallback
 .text.Error_Handler
                0x00000000080007c4        0xa ./Core/Src/main.o
                0x00000000080007c4                Error_Handler
 *fill*         0x00000000080007ce        0x2 
 .text.setTimerDOT
                0x00000000080007d0       0x28 ./Core/Src/software_timer.o
                0x00000000080007d0                setTimerDOT
 .text.setTimerUpdateSEG7
                0x00000000080007f8       0x28 ./Core/Src/software_timer.o
                0x00000000080007f8                setTimerUpdateSEG7
 .text.timerRun
                0x0000000008000820      0x14c ./Core/Src/software_timer.o
                0x0000000008000820                timerRun
 .text.HAL_MspInit
                0x000000000800096c       0x64 ./Core/Src/stm32f1xx_hal_msp.o
                0x000000000800096c                HAL_MspInit
 .text.HAL_TIM_Base_MspInit
                0x00000000080009d0       0x48 ./Core/Src/stm32f1xx_hal_msp.o
                0x00000000080009d0                HAL_TIM_Base_MspInit
 .text.NMI_Handler
                0x0000000008000a18        0x6 ./Core/Src/stm32f1xx_it.o
                0x0000000008000a18                NMI_Handler
 .text.HardFault_Handler
                0x0000000008000a1e        0x6 ./Core/Src/stm32f1xx_it.o
                0x0000000008000a1e                HardFault_Handler
 .text.MemManage_Handler
                0x0000000008000a24        0x6 ./Core/Src/stm32f1xx_it.o
                0x0000000008000a24                MemManage_Handler
 .text.BusFault_Handler
                0x0000000008000a2a        0x6 ./Core/Src/stm32f1xx_it.o
                0x0000000008000a2a                BusFault_Handler
 .text.UsageFault_Handler
                0x0000000008000a30        0x6 ./Core/Src/stm32f1xx_it.o
                0x0000000008000a30                UsageFault_Handler
 .text.SVC_Handler
                0x0000000008000a36        0xc ./Core/Src/stm32f1xx_it.o
                0x0000000008000a36                SVC_Handler
 .text.DebugMon_Handler
                0x0000000008000a42        0xc ./Core/Src/stm32f1xx_it.o
                0x0000000008000a42                DebugMon_Handler
 .text.PendSV_Handler
                0x0000000008000a4e        0xc ./Core/Src/stm32f1xx_it.o
                0x0000000008000a4e                PendSV_Handler
 .text.SysTick_Handler
                0x0000000008000a5a        0xc ./Core/Src/stm32f1xx_it.o
                0x0000000008000a5a                SysTick_Handler
 *fill*         0x0000000008000a66        0x2 
 .text.TIM2_IRQHandler
                0x0000000008000a68       0x14 ./Core/Src/stm32f1xx_it.o
                0x0000000008000a68                TIM2_IRQHandler
 .text.SystemInit
                0x0000000008000a7c        0xc ./Core/Src/system_stm32f1xx.o
                0x0000000008000a7c                SystemInit
 .text.Reset_Handler
                0x0000000008000a88       0x48 ./Core/Startup/startup_stm32f103c6tx.o
                0x0000000008000a88                Reset_Handler
 .text.Default_Handler
                0x0000000008000ad0        0x2 ./Core/Startup/startup_stm32f103c6tx.o
                0x0000000008000ad0                RTC_Alarm_IRQHandler
                0x0000000008000ad0                EXTI2_IRQHandler
                0x0000000008000ad0                TIM1_CC_IRQHandler
                0x0000000008000ad0                PVD_IRQHandler
                0x0000000008000ad0                EXTI3_IRQHandler
                0x0000000008000ad0                EXTI0_IRQHandler
                0x0000000008000ad0                ADC1_2_IRQHandler
                0x0000000008000ad0                SPI1_IRQHandler
                0x0000000008000ad0                TAMPER_IRQHandler
                0x0000000008000ad0                DMA1_Channel4_IRQHandler
                0x0000000008000ad0                RTC_IRQHandler
                0x0000000008000ad0                DMA1_Channel7_IRQHandler
                0x0000000008000ad0                CAN1_RX1_IRQHandler
                0x0000000008000ad0                I2C1_EV_IRQHandler
                0x0000000008000ad0                DMA1_Channel6_IRQHandler
                0x0000000008000ad0                TIM3_IRQHandler
                0x0000000008000ad0                RCC_IRQHandler
                0x0000000008000ad0                TIM1_TRG_COM_IRQHandler
                0x0000000008000ad0                DMA1_Channel1_IRQHandler
                0x0000000008000ad0                Default_Handler
                0x0000000008000ad0                EXTI15_10_IRQHandler
                0x0000000008000ad0                EXTI9_5_IRQHandler
                0x0000000008000ad0                DMA1_Channel5_IRQHandler
                0x0000000008000ad0                EXTI4_IRQHandler
                0x0000000008000ad0                USB_LP_CAN1_RX0_IRQHandler
                0x0000000008000ad0                USB_HP_CAN1_TX_IRQHandler
                0x0000000008000ad0                DMA1_Channel3_IRQHandler
                0x0000000008000ad0                TIM1_UP_IRQHandler
                0x0000000008000ad0                WWDG_IRQHandler
                0x0000000008000ad0                TIM1_BRK_IRQHandler
                0x0000000008000ad0                EXTI1_IRQHandler
                0x0000000008000ad0                USART2_IRQHandler
                0x0000000008000ad0                DMA1_Channel2_IRQHandler
                0x0000000008000ad0                CAN1_SCE_IRQHandler
                0x0000000008000ad0                FLASH_IRQHandler
                0x0000000008000ad0                USART1_IRQHandler
                0x0000000008000ad0                I2C1_ER_IRQHandler
                0x0000000008000ad0                USBWakeUp_IRQHandler
 *fill*         0x0000000008000ad2        0x2 
 .text.HAL_Init
                0x0000000008000ad4       0x2c ./Drivers/STM32F1xx_HAL_Driver/Src/stm32f1xx_hal.o
                0x0000000008000ad4                HAL_Init
 .text.HAL_InitTick
                0x0000000008000b00       0x60 ./Drivers/STM32F1xx_HAL_Driver/Src/stm32f1xx_hal.o
                0x0000000008000b00                HAL_InitTick
 .text.HAL_IncTick
                0x0000000008000b60       0x24 ./Drivers/STM32F1xx_HAL_Driver/Src/stm32f1xx_hal.o
                0x0000000008000b60                HAL_IncTick
 .text.HAL_GetTick
                0x0000000008000b84       0x14 ./Drivers/STM32F1xx_HAL_Driver/Src/stm32f1xx_hal.o
                0x0000000008000b84                HAL_GetTick
 .text.__NVIC_SetPriorityGrouping
                0x0000000008000b98       0x48 ./Drivers/STM32F1xx_HAL_Driver/Src/stm32f1xx_hal_cortex.o
 .text.__NVIC_GetPriorityGrouping
                0x0000000008000be0       0x1c ./Drivers/STM32F1xx_HAL_Driver/Src/stm32f1xx_hal_cortex.o
 .text.__NVIC_EnableIRQ
                0x0000000008000bfc       0x38 ./Drivers/STM32F1xx_HAL_Driver/Src/stm32f1xx_hal_cortex.o
 .text.__NVIC_SetPriority
                0x0000000008000c34       0x54 ./Drivers/STM32F1xx_HAL_Driver/Src/stm32f1xx_hal_cortex.o
 .text.NVIC_EncodePriority
                0x0000000008000c88       0x64 ./Drivers/STM32F1xx_HAL_Driver/Src/stm32f1xx_hal_cortex.o
 .text.SysTick_Config
                0x0000000008000cec       0x44 ./Drivers/STM32F1xx_HAL_Driver/Src/stm32f1xx_hal_cortex.o
 .text.HAL_NVIC_SetPriorityGrouping
                0x0000000008000d30       0x16 ./Drivers/STM32F1xx_HAL_Driver/Src/stm32f1xx_hal_cortex.o
                0x0000000008000d30                HAL_NVIC_SetPriorityGrouping
 .text.HAL_NVIC_SetPriority
                0x0000000008000d46       0x38 ./Drivers/STM32F1xx_HAL_Driver/Src/stm32f1xx_hal_cortex.o
                0x0000000008000d46                HAL_NVIC_SetPriority
 .text.HAL_NVIC_EnableIRQ
                0x0000000008000d7e       0x1c ./Drivers/STM32F1xx_HAL_Driver/Src/stm32f1xx_hal_cortex.o
                0x0000000008000d7e                HAL_NVIC_EnableIRQ
 .text.HAL_SYSTICK_Config
                0x0000000008000d9a       0x18 ./Drivers/STM32F1xx_HAL_Driver/Src/stm32f1xx_hal_cortex.o
                0x0000000008000d9a                HAL_SYSTICK_Config
 *fill*         0x0000000008000db2        0x2 
 .text.HAL_GPIO_Init
                0x0000000008000db4      0x2f8 ./Drivers/STM32F1xx_HAL_Driver/Src/stm32f1xx_hal_gpio.o
                0x0000000008000db4                HAL_GPIO_Init
 .text.HAL_GPIO_WritePin
                0x00000000080010ac       0x30 ./Drivers/STM32F1xx_HAL_Driver/Src/stm32f1xx_hal_gpio.o
                0x00000000080010ac                HAL_GPIO_WritePin
 .text.HAL_GPIO_TogglePin
                0x00000000080010dc       0x32 ./Drivers/STM32F1xx_HAL_Driver/Src/stm32f1xx_hal_gpio.o
                0x00000000080010dc                HAL_GPIO_TogglePin
 *fill*         0x000000000800110e        0x2 
 .text.HAL_RCC_OscConfig
                0x0000000008001110      0x504 ./Drivers/STM32F1xx_HAL_Driver/Src/stm32f1xx_hal_rcc.o
                0x0000000008001110                HAL_RCC_OscConfig
 .text.HAL_RCC_ClockConfig
                0x0000000008001614      0x1d4 ./Drivers/STM32F1xx_HAL_Driver/Src/stm32f1xx_hal_rcc.o
                0x0000000008001614                HAL_RCC_ClockConfig
 .text.HAL_RCC_GetSysClockFreq
                0x00000000080017e8       0xa8 ./Drivers/STM32F1xx_HAL_Driver/Src/stm32f1xx_hal_rcc.o
                0x00000000080017e8                HAL_RCC_GetSysClockFreq
 .text.RCC_Delay
                0x0000000008001890       0x3c ./Drivers/STM32F1xx_HAL_Driver/Src/stm32f1xx_hal_rcc.o
 .text.HAL_TIM_Base_Init
                0x00000000080018cc       0x9e ./Drivers/STM32F1xx_HAL_Driver/Src/stm32f1xx_hal_tim.o
                0x00000000080018cc                HAL_TIM_Base_Init
 *fill*         0x000000000800196a        0x2 
 .text.HAL_TIM_Base_Start_IT
                0x000000000800196c       0x98 ./Drivers/STM32F1xx_HAL_Driver/Src/stm32f1xx_hal_tim.o
                0x000000000800196c                HAL_TIM_Base_Start_IT
 .text.HAL_TIM_IRQHandler
                0x0000000008001a04      0x1e0 ./Drivers/STM32F1xx_HAL_Driver/Src/stm32f1xx_hal_tim.o
                0x0000000008001a04                HAL_TIM_IRQHandler
 .text.HAL_TIM_ConfigClockSource
                0x0000000008001be4      0x18e ./Drivers/STM32F1xx_HAL_Driver/Src/stm32f1xx_hal_tim.o
                0x0000000008001be4                HAL_TIM_ConfigClockSource
 .text.HAL_TIM_OC_DelayElapsedCallback
                0x0000000008001d72       0x12 ./Drivers/STM32F1xx_HAL_Driver/Src/stm32f1xx_hal_tim.o
                0x0000000008001d72                HAL_TIM_OC_DelayElapsedCallback
 .text.HAL_TIM_IC_CaptureCallback
                0x0000000008001d84       0x12 ./Drivers/STM32F1xx_HAL_Driver/Src/stm32f1xx_hal_tim.o
                0x0000000008001d84                HAL_TIM_IC_CaptureCallback
 .text.HAL_TIM_PWM_PulseFinishedCallback
                0x0000000008001d96       0x12 ./Drivers/STM32F1xx_HAL_Driver/Src/stm32f1xx_hal_tim.o
                0x0000000008001d96                HAL_TIM_PWM_PulseFinishedCallback
 .text.HAL_TIM_TriggerCallback
                0x0000000008001da8       0x12 ./Drivers/STM32F1xx_HAL_Driver/Src/stm32f1xx_hal_tim.o
                0x0000000008001da8                HAL_TIM_TriggerCallback
 *fill*         0x0000000008001dba        0x2 
 .text.TIM_Base_SetConfig
                0x0000000008001dbc       0xc8 ./Drivers/STM32F1xx_HAL_Driver/Src/stm32f1xx_hal_tim.o
                0x0000000008001dbc                TIM_Base_SetConfig
 .text.TIM_TI1_ConfigInputStage
                0x0000000008001e84       0x5c ./Drivers/STM32F1xx_HAL_Driver/Src/stm32f1xx_hal_tim.o
 .text.TIM_TI2_ConfigInputStage
                0x0000000008001ee0       0x5e ./Drivers/STM32F1xx_HAL_Driver/Src/stm32f1xx_hal_tim.o
 .text.TIM_ITRx_SetConfig
                0x0000000008001f3e       0x34 ./Drivers/STM32F1xx_HAL_Driver/Src/stm32f1xx_hal_tim.o
 .text.TIM_ETR_SetConfig
                0x0000000008001f72       0x3e ./Drivers/STM32F1xx_HAL_Driver/Src/stm32f1xx_hal_tim.o
                0x0000000008001f72                TIM_ETR_SetConfig
 .text.HAL_TIMEx_MasterConfigSynchronization
                0x0000000008001fb0       0xb0 ./Drivers/STM32F1xx_HAL_Driver/Src/stm32f1xx_hal_tim_ex.o
                0x0000000008001fb0                HAL_TIMEx_MasterConfigSynchronization
 .text.HAL_TIMEx_CommutCallback
                0x0000000008002060       0x12 ./Drivers/STM32F1xx_HAL_Driver/Src/stm32f1xx_hal_tim_ex.o
                0x0000000008002060                HAL_TIMEx_CommutCallback
 .text.HAL_TIMEx_BreakCallback
                0x0000000008002072       0x12 ./Drivers/STM32F1xx_HAL_Driver/Src/stm32f1xx_hal_tim_ex.o
                0x0000000008002072                HAL_TIMEx_BreakCallback
 .text.memset   0x0000000008002084       0x10 D:/PhanMemSTM32CUBE/PhanmemCUBEIDE+workspace/STM32CubeIDE/plugins/com.st.stm32cube.ide.mcu.externaltools.gnu-tools-for-stm32.11.3.rel1.win32_1.1.100.202309141235/tools/bin/../lib/gcc/arm-none-eabi/11.3.1/../../../../arm-none-eabi/lib/thumb/v7-m/nofp\libc_nano.a(libc_a-memset.o)
                0x0000000008002084                memset
 .text.__libc_init_array
                0x0000000008002094       0x48 D:/PhanMemSTM32CUBE/PhanmemCUBEIDE+workspace/STM32CubeIDE/plugins/com.st.stm32cube.ide.mcu.externaltools.gnu-tools-for-stm32.11.3.rel1.win32_1.1.100.202309141235/tools/bin/../lib/gcc/arm-none-eabi/11.3.1/../../../../arm-none-eabi/lib/thumb/v7-m/nofp\libc_nano.a(libc_a-init.o)
                0x0000000008002094                __libc_init_array
 *(.glue_7)
 .glue_7        0x00000000080020dc        0x0 linker stubs
 *(.glue_7t)
 .glue_7t       0x00000000080020dc        0x0 linker stubs
 *(.eh_frame)
 .eh_frame      0x00000000080020dc        0x0 D:/PhanMemSTM32CUBE/PhanmemCUBEIDE+workspace/STM32CubeIDE/plugins/com.st.stm32cube.ide.mcu.externaltools.gnu-tools-for-stm32.11.3.rel1.win32_1.1.100.202309141235/tools/bin/../lib/gcc/arm-none-eabi/11.3.1/thumb/v7-m/nofp/crtbegin.o
 *(.init)
 .init          0x00000000080020dc        0x4 D:/PhanMemSTM32CUBE/PhanmemCUBEIDE+workspace/STM32CubeIDE/plugins/com.st.stm32cube.ide.mcu.externaltools.gnu-tools-for-stm32.11.3.rel1.win32_1.1.100.202309141235/tools/bin/../lib/gcc/arm-none-eabi/11.3.1/thumb/v7-m/nofp/crti.o
                0x00000000080020dc                _init
 .init          0x00000000080020e0        0x8 D:/PhanMemSTM32CUBE/PhanmemCUBEIDE+workspace/STM32CubeIDE/plugins/com.st.stm32cube.ide.mcu.externaltools.gnu-tools-for-stm32.11.3.rel1.win32_1.1.100.202309141235/tools/bin/../lib/gcc/arm-none-eabi/11.3.1/thumb/v7-m/nofp/crtn.o
 *(.fini)
 .fini          0x00000000080020e8        0x4 D:/PhanMemSTM32CUBE/PhanmemCUBEIDE+workspace/STM32CubeIDE/plugins/com.st.stm32cube.ide.mcu.externaltools.gnu-tools-for-stm32.11.3.rel1.win32_1.1.100.202309141235/tools/bin/../lib/gcc/arm-none-eabi/11.3.1/thumb/v7-m/nofp/crti.o
                0x00000000080020e8                _fini
 .fini          0x00000000080020ec        0x8 D:/PhanMemSTM32CUBE/PhanmemCUBEIDE+workspace/STM32CubeIDE/plugins/com.st.stm32cube.ide.mcu.externaltools.gnu-tools-for-stm32.11.3.rel1.win32_1.1.100.202309141235/tools/bin/../lib/gcc/arm-none-eabi/11.3.1/thumb/v7-m/nofp/crtn.o
                0x00000000080020f4                . = ALIGN (0x4)
                0x00000000080020f4                _etext = .

.vfp11_veneer   0x00000000080020f4        0x0
 .vfp11_veneer  0x00000000080020f4        0x0 linker stubs

.v4_bx          0x00000000080020f4        0x0
 .v4_bx         0x00000000080020f4        0x0 linker stubs

.iplt           0x00000000080020f4        0x0
 .iplt          0x00000000080020f4        0x0 D:/PhanMemSTM32CUBE/PhanmemCUBEIDE+workspace/STM32CubeIDE/plugins/com.st.stm32cube.ide.mcu.externaltools.gnu-tools-for-stm32.11.3.rel1.win32_1.1.100.202309141235/tools/bin/../lib/gcc/arm-none-eabi/11.3.1/thumb/v7-m/nofp/crtbegin.o

.rodata         0x00000000080020f4       0x24
                0x00000000080020f4                . = ALIGN (0x4)
 *(.rodata)
 *(.rodata*)
 .rodata.AHBPrescTable
                0x00000000080020f4       0x10 ./Core/Src/system_stm32f1xx.o
                0x00000000080020f4                AHBPrescTable
 .rodata.aPLLMULFactorTable.1
                0x0000000008002104       0x10 ./Drivers/STM32F1xx_HAL_Driver/Src/stm32f1xx_hal_rcc.o
 .rodata.aPredivFactorTable.0
                0x0000000008002114        0x2 ./Drivers/STM32F1xx_HAL_Driver/Src/stm32f1xx_hal_rcc.o
                0x0000000008002118                . = ALIGN (0x4)
 *fill*         0x0000000008002116        0x2 

.rel.dyn        0x0000000008002118        0x0
 .rel.iplt      0x0000000008002118        0x0 D:/PhanMemSTM32CUBE/PhanmemCUBEIDE+workspace/STM32CubeIDE/plugins/com.st.stm32cube.ide.mcu.externaltools.gnu-tools-for-stm32.11.3.rel1.win32_1.1.100.202309141235/tools/bin/../lib/gcc/arm-none-eabi/11.3.1/thumb/v7-m/nofp/crtbegin.o

.ARM.extab      0x0000000008002118        0x0
                0x0000000008002118                . = ALIGN (0x4)
 *(.ARM.extab* .gnu.linkonce.armextab.*)
                0x0000000008002118                . = ALIGN (0x4)

.ARM            0x0000000008002118        0x0
                0x0000000008002118                . = ALIGN (0x4)
                0x0000000008002118                __exidx_start = .
 *(.ARM.exidx*)
                0x0000000008002118                __exidx_end = .
                0x0000000008002118                . = ALIGN (0x4)

.preinit_array  0x0000000008002118        0x0
                0x0000000008002118                . = ALIGN (0x4)
                0x0000000008002118                PROVIDE (__preinit_array_start = .)
 *(.preinit_array*)
                0x0000000008002118                PROVIDE (__preinit_array_end = .)
                0x0000000008002118                . = ALIGN (0x4)

.init_array     0x0000000008002118        0x4
                0x0000000008002118                . = ALIGN (0x4)
                0x0000000008002118                PROVIDE (__init_array_start = .)
 *(SORT_BY_NAME(.init_array.*))
 *(.init_array*)
 .init_array    0x0000000008002118        0x4 D:/PhanMemSTM32CUBE/PhanmemCUBEIDE+workspace/STM32CubeIDE/plugins/com.st.stm32cube.ide.mcu.externaltools.gnu-tools-for-stm32.11.3.rel1.win32_1.1.100.202309141235/tools/bin/../lib/gcc/arm-none-eabi/11.3.1/thumb/v7-m/nofp/crtbegin.o
                0x000000000800211c                PROVIDE (__init_array_end = .)
                0x000000000800211c                . = ALIGN (0x4)

.fini_array     0x000000000800211c        0x4
                0x000000000800211c                . = ALIGN (0x4)
                [!provide]                        PROVIDE (__fini_array_start = .)
 *(SORT_BY_NAME(.fini_array.*))
 *(.fini_array*)
 .fini_array    0x000000000800211c        0x4 D:/PhanMemSTM32CUBE/PhanmemCUBEIDE+workspace/STM32CubeIDE/plugins/com.st.stm32cube.ide.mcu.externaltools.gnu-tools-for-stm32.11.3.rel1.win32_1.1.100.202309141235/tools/bin/../lib/gcc/arm-none-eabi/11.3.1/thumb/v7-m/nofp/crtbegin.o
                [!provide]                        PROVIDE (__fini_array_end = .)
                0x0000000008002120                . = ALIGN (0x4)
                0x0000000008002120                _sidata = LOADADDR (.data)

.data           0x0000000020000000       0x24 load address 0x0000000008002120
                0x0000000020000000                . = ALIGN (0x4)
                0x0000000020000000                _sdata = .
 *(.data)
 *(.data*)
 .data.led_buffer
                0x0000000020000000       0x10 ./Core/Src/SEG7.o
                0x0000000020000000                led_buffer
 .data.timer5_flag
                0x0000000020000010        0x4 ./Core/Src/software_timer.o
                0x0000000020000010                timer5_flag
 .data.timerDOT_flag
                0x0000000020000014        0x4 ./Core/Src/software_timer.o
                0x0000000020000014                timerDOT_flag
 .data.SystemCoreClock
                0x0000000020000018        0x4 ./Core/Src/system_stm32f1xx.o
                0x0000000020000018                SystemCoreClock
 .data.uwTickPrio
                0x000000002000001c        0x4 ./Drivers/STM32F1xx_HAL_Driver/Src/stm32f1xx_hal.o
                0x000000002000001c                uwTickPrio
 .data.uwTickFreq
                0x0000000020000020        0x1 ./Drivers/STM32F1xx_HAL_Driver/Src/stm32f1xx_hal.o
                0x0000000020000020                uwTickFreq
 *(.RamFunc)
 *(.RamFunc*)
                0x0000000020000024                . = ALIGN (0x4)
 *fill*         0x0000000020000021        0x3 
                0x0000000020000024                _edata = .

.igot.plt       0x0000000020000024        0x0 load address 0x0000000008002144
 .igot.plt      0x0000000020000024        0x0 D:/PhanMemSTM32CUBE/PhanmemCUBEIDE+workspace/STM32CubeIDE/plugins/com.st.stm32cube.ide.mcu.externaltools.gnu-tools-for-stm32.11.3.rel1.win32_1.1.100.202309141235/tools/bin/../lib/gcc/arm-none-eabi/11.3.1/thumb/v7-m/nofp/crtbegin.o
                0x0000000020000024                . = ALIGN (0x4)

.bss            0x0000000020000024       0xa0 load address 0x0000000008002144
                0x0000000020000024                _sbss = .
                0x0000000020000024                __bss_start__ = _sbss
 *(.bss)
 .bss           0x0000000020000024       0x1c D:/PhanMemSTM32CUBE/PhanmemCUBEIDE+workspace/STM32CubeIDE/plugins/com.st.stm32cube.ide.mcu.externaltools.gnu-tools-for-stm32.11.3.rel1.win32_1.1.100.202309141235/tools/bin/../lib/gcc/arm-none-eabi/11.3.1/thumb/v7-m/nofp/crtbegin.o
 *(.bss*)
 .bss.htim2     0x0000000020000040       0x48 ./Core/Src/main.o
                0x0000000020000040                htim2
 .bss.timer1_counter
                0x0000000020000088        0x4 ./Core/Src/software_timer.o
                0x0000000020000088                timer1_counter
 .bss.timer2_counter
                0x000000002000008c        0x4 ./Core/Src/software_timer.o
                0x000000002000008c                timer2_counter
 .bss.timer3_counter
                0x0000000020000090        0x4 ./Core/Src/software_timer.o
                0x0000000020000090                timer3_counter
 .bss.timer4_counter
                0x0000000020000094        0x4 ./Core/Src/software_timer.o
                0x0000000020000094                timer4_counter
 .bss.timer5_counter
                0x0000000020000098        0x4 ./Core/Src/software_timer.o
                0x0000000020000098                timer5_counter
 .bss.timer6_counter
                0x000000002000009c        0x4 ./Core/Src/software_timer.o
                0x000000002000009c                timer6_counter
 .bss.timerDOT_counter
                0x00000000200000a0        0x4 ./Core/Src/software_timer.o
                0x00000000200000a0                timerDOT_counter
 .bss.timerUpdateSEG7_counter
                0x00000000200000a4        0x4 ./Core/Src/software_timer.o
                0x00000000200000a4                timerUpdateSEG7_counter
 .bss.timer1_flag
                0x00000000200000a8        0x4 ./Core/Src/software_timer.o
                0x00000000200000a8                timer1_flag
 .bss.timer2_flag
                0x00000000200000ac        0x4 ./Core/Src/software_timer.o
                0x00000000200000ac                timer2_flag
 .bss.timer3_flag
                0x00000000200000b0        0x4 ./Core/Src/software_timer.o
                0x00000000200000b0                timer3_flag
 .bss.timer4_flag
                0x00000000200000b4        0x4 ./Core/Src/software_timer.o
                0x00000000200000b4                timer4_flag
 .bss.timer6_flag
                0x00000000200000b8        0x4 ./Core/Src/software_timer.o
                0x00000000200000b8                timer6_flag
 .bss.updateSEG7_flag
                0x00000000200000bc        0x4 ./Core/Src/software_timer.o
                0x00000000200000bc                updateSEG7_flag
 .bss.uwTick    0x00000000200000c0        0x4 ./Drivers/STM32F1xx_HAL_Driver/Src/stm32f1xx_hal.o
                0x00000000200000c0                uwTick
 *(COMMON)
                0x00000000200000c4                . = ALIGN (0x4)
                0x00000000200000c4                _ebss = .
                0x00000000200000c4                __bss_end__ = _ebss

._user_heap_stack
                0x00000000200000c4      0x604 load address 0x0000000008002144
                0x00000000200000c8                . = ALIGN (0x8)
 *fill*         0x00000000200000c4        0x4 
                [!provide]                        PROVIDE (end = .)
                0x00000000200000c8                PROVIDE (_end = .)
                0x00000000200002c8                . = (. + _Min_Heap_Size)
 *fill*         0x00000000200000c8      0x200 
                0x00000000200006c8                . = (. + _Min_Stack_Size)
 *fill*         0x00000000200002c8      0x400 
                0x00000000200006c8                . = ALIGN (0x8)

/DISCARD/
 libc.a(*)
 libm.a(*)
 libgcc.a(*)

.ARM.attributes
                0x0000000000000000       0x29
 *(.ARM.attributes)
 .ARM.attributes
                0x0000000000000000       0x1d D:/PhanMemSTM32CUBE/PhanmemCUBEIDE+workspace/STM32CubeIDE/plugins/com.st.stm32cube.ide.mcu.externaltools.gnu-tools-for-stm32.11.3.rel1.win32_1.1.100.202309141235/tools/bin/../lib/gcc/arm-none-eabi/11.3.1/thumb/v7-m/nofp/crti.o
 .ARM.attributes
                0x000000000000001d       0x2d D:/PhanMemSTM32CUBE/PhanmemCUBEIDE+workspace/STM32CubeIDE/plugins/com.st.stm32cube.ide.mcu.externaltools.gnu-tools-for-stm32.11.3.rel1.win32_1.1.100.202309141235/tools/bin/../lib/gcc/arm-none-eabi/11.3.1/thumb/v7-m/nofp/crtbegin.o
 .ARM.attributes
                0x000000000000004a       0x2d ./Core/Src/SEG7.o
 .ARM.attributes
                0x0000000000000077       0x2d ./Core/Src/main.o
 .ARM.attributes
                0x00000000000000a4       0x2d ./Core/Src/software_timer.o
 .ARM.attributes
                0x00000000000000d1       0x2d ./Core/Src/stm32f1xx_hal_msp.o
 .ARM.attributes
                0x00000000000000fe       0x2d ./Core/Src/stm32f1xx_it.o
 .ARM.attributes
                0x000000000000012b       0x2d ./Core/Src/system_stm32f1xx.o
 .ARM.attributes
                0x0000000000000158       0x21 ./Core/Startup/startup_stm32f103c6tx.o
 .ARM.attributes
                0x0000000000000179       0x2d ./Drivers/STM32F1xx_HAL_Driver/Src/stm32f1xx_hal.o
 .ARM.attributes
                0x00000000000001a6       0x2d ./Drivers/STM32F1xx_HAL_Driver/Src/stm32f1xx_hal_cortex.o
 .ARM.attributes
                0x00000000000001d3       0x2d ./Drivers/STM32F1xx_HAL_Driver/Src/stm32f1xx_hal_gpio.o
 .ARM.attributes
                0x0000000000000200       0x2d ./Drivers/STM32F1xx_HAL_Driver/Src/stm32f1xx_hal_rcc.o
 .ARM.attributes
                0x000000000000022d       0x2d ./Drivers/STM32F1xx_HAL_Driver/Src/stm32f1xx_hal_tim.o
 .ARM.attributes
                0x000000000000025a       0x2d ./Drivers/STM32F1xx_HAL_Driver/Src/stm32f1xx_hal_tim_ex.o
 .ARM.attributes
                0x0000000000000287       0x2d D:/PhanMemSTM32CUBE/PhanmemCUBEIDE+workspace/STM32CubeIDE/plugins/com.st.stm32cube.ide.mcu.externaltools.gnu-tools-for-stm32.11.3.rel1.win32_1.1.100.202309141235/tools/bin/../lib/gcc/arm-none-eabi/11.3.1/../../../../arm-none-eabi/lib/thumb/v7-m/nofp\libc_nano.a(libc_a-memset.o)
 .ARM.attributes
                0x00000000000002b4       0x2d D:/PhanMemSTM32CUBE/PhanmemCUBEIDE+workspace/STM32CubeIDE/plugins/com.st.stm32cube.ide.mcu.externaltools.gnu-tools-for-stm32.11.3.rel1.win32_1.1.100.202309141235/tools/bin/../lib/gcc/arm-none-eabi/11.3.1/../../../../arm-none-eabi/lib/thumb/v7-m/nofp\libc_nano.a(libc_a-init.o)
 .ARM.attributes
                0x00000000000002e1       0x1d D:/PhanMemSTM32CUBE/PhanmemCUBEIDE+workspace/STM32CubeIDE/plugins/com.st.stm32cube.ide.mcu.externaltools.gnu-tools-for-stm32.11.3.rel1.win32_1.1.100.202309141235/tools/bin/../lib/gcc/arm-none-eabi/11.3.1/thumb/v7-m/nofp/crtn.o
OUTPUT(LAB_2.elf elf32-littlearm)
LOAD linker stubs
LOAD D:/PhanMemSTM32CUBE/PhanmemCUBEIDE+workspace/STM32CubeIDE/plugins/com.st.stm32cube.ide.mcu.externaltools.gnu-tools-for-stm32.11.3.rel1.win32_1.1.100.202309141235/tools/bin/../lib/gcc/arm-none-eabi/11.3.1/../../../../arm-none-eabi/lib/thumb/v7-m/nofp\libc.a
LOAD D:/PhanMemSTM32CUBE/PhanmemCUBEIDE+workspace/STM32CubeIDE/plugins/com.st.stm32cube.ide.mcu.externaltools.gnu-tools-for-stm32.11.3.rel1.win32_1.1.100.202309141235/tools/bin/../lib/gcc/arm-none-eabi/11.3.1/../../../../arm-none-eabi/lib/thumb/v7-m/nofp\libm.a
LOAD D:/PhanMemSTM32CUBE/PhanmemCUBEIDE+workspace/STM32CubeIDE/plugins/com.st.stm32cube.ide.mcu.externaltools.gnu-tools-for-stm32.11.3.rel1.win32_1.1.100.202309141235/tools/bin/../lib/gcc/arm-none-eabi/11.3.1/thumb/v7-m/nofp\libgcc.a

.comment        0x0000000000000000       0x43
 .comment       0x0000000000000000       0x43 D:/PhanMemSTM32CUBE/PhanmemCUBEIDE+workspace/STM32CubeIDE/plugins/com.st.stm32cube.ide.mcu.externaltools.gnu-tools-for-stm32.11.3.rel1.win32_1.1.100.202309141235/tools/bin/../lib/gcc/arm-none-eabi/11.3.1/thumb/v7-m/nofp/crtbegin.o
                                         0x44 (size before relaxing)
 .comment       0x0000000000000043       0x44 ./Core/Src/SEG7.o
 .comment       0x0000000000000043       0x44 ./Core/Src/main.o
 .comment       0x0000000000000043       0x44 ./Core/Src/software_timer.o
 .comment       0x0000000000000043       0x44 ./Core/Src/stm32f1xx_hal_msp.o
 .comment       0x0000000000000043       0x44 ./Core/Src/stm32f1xx_it.o
 .comment       0x0000000000000043       0x44 ./Core/Src/system_stm32f1xx.o
 .comment       0x0000000000000043       0x44 ./Drivers/STM32F1xx_HAL_Driver/Src/stm32f1xx_hal.o
 .comment       0x0000000000000043       0x44 ./Drivers/STM32F1xx_HAL_Driver/Src/stm32f1xx_hal_cortex.o
 .comment       0x0000000000000043       0x44 ./Drivers/STM32F1xx_HAL_Driver/Src/stm32f1xx_hal_gpio.o
 .comment       0x0000000000000043       0x44 ./Drivers/STM32F1xx_HAL_Driver/Src/stm32f1xx_hal_rcc.o
 .comment       0x0000000000000043       0x44 ./Drivers/STM32F1xx_HAL_Driver/Src/stm32f1xx_hal_tim.o
 .comment       0x0000000000000043       0x44 ./Drivers/STM32F1xx_HAL_Driver/Src/stm32f1xx_hal_tim_ex.o

.debug_info     0x0000000000000000     0x7f26
 .debug_info    0x0000000000000000      0x1fd ./Core/Src/SEG7.o
 .debug_info    0x00000000000001fd      0xbdc ./Core/Src/main.o
 .debug_info    0x0000000000000dd9      0x28a ./Core/Src/software_timer.o
 .debug_info    0x0000000000001063      0x91a ./Core/Src/stm32f1xx_hal_msp.o
 .debug_info    0x000000000000197d      0x6a1 ./Core/Src/stm32f1xx_it.o
 .debug_info    0x000000000000201e      0x222 ./Core/Src/system_stm32f1xx.o
 .debug_info    0x0000000000002240       0x23 ./Core/Startup/startup_stm32f103c6tx.o
 .debug_info    0x0000000000002263      0x6e6 ./Drivers/STM32F1xx_HAL_Driver/Src/stm32f1xx_hal.o
 .debug_info    0x0000000000002949      0xa69 ./Drivers/STM32F1xx_HAL_Driver/Src/stm32f1xx_hal_cortex.o
 .debug_info    0x00000000000033b2      0x5ab ./Drivers/STM32F1xx_HAL_Driver/Src/stm32f1xx_hal_gpio.o
 .debug_info    0x000000000000395d      0x7d5 ./Drivers/STM32F1xx_HAL_Driver/Src/stm32f1xx_hal_rcc.o
 .debug_info    0x0000000000004132     0x2959 ./Drivers/STM32F1xx_HAL_Driver/Src/stm32f1xx_hal_tim.o
 .debug_info    0x0000000000006a8b     0x149b ./Drivers/STM32F1xx_HAL_Driver/Src/stm32f1xx_hal_tim_ex.o

.debug_abbrev   0x0000000000000000     0x17db
 .debug_abbrev  0x0000000000000000      0x16f ./Core/Src/SEG7.o
 .debug_abbrev  0x000000000000016f      0x2b3 ./Core/Src/main.o
 .debug_abbrev  0x0000000000000422       0xbb ./Core/Src/software_timer.o
 .debug_abbrev  0x00000000000004dd      0x1ad ./Core/Src/stm32f1xx_hal_msp.o
 .debug_abbrev  0x000000000000068a      0x191 ./Core/Src/stm32f1xx_it.o
 .debug_abbrev  0x000000000000081b      0x13f ./Core/Src/system_stm32f1xx.o
 .debug_abbrev  0x000000000000095a       0x12 ./Core/Startup/startup_stm32f103c6tx.o
 .debug_abbrev  0x000000000000096c      0x201 ./Drivers/STM32F1xx_HAL_Driver/Src/stm32f1xx_hal.o
 .debug_abbrev  0x0000000000000b6d      0x2f8 ./Drivers/STM32F1xx_HAL_Driver/Src/stm32f1xx_hal_cortex.o
 .debug_abbrev  0x0000000000000e65      0x1ca ./Drivers/STM32F1xx_HAL_Driver/Src/stm32f1xx_hal_gpio.o
 .debug_abbrev  0x000000000000102f      0x2b3 ./Drivers/STM32F1xx_HAL_Driver/Src/stm32f1xx_hal_rcc.o
 .debug_abbrev  0x00000000000012e2      0x277 ./Drivers/STM32F1xx_HAL_Driver/Src/stm32f1xx_hal_tim.o
 .debug_abbrev  0x0000000000001559      0x282 ./Drivers/STM32F1xx_HAL_Driver/Src/stm32f1xx_hal_tim_ex.o

.debug_aranges  0x0000000000000000      0x9b8
 .debug_aranges
                0x0000000000000000       0x28 ./Core/Src/SEG7.o
 .debug_aranges
                0x0000000000000028       0x48 ./Core/Src/main.o
 .debug_aranges
                0x0000000000000070       0x60 ./Core/Src/software_timer.o
 .debug_aranges
                0x00000000000000d0       0x30 ./Core/Src/stm32f1xx_hal_msp.o
 .debug_aranges
                0x0000000000000100       0x68 ./Core/Src/stm32f1xx_it.o
 .debug_aranges
                0x0000000000000168       0x28 ./Core/Src/system_stm32f1xx.o
 .debug_aranges
                0x0000000000000190       0x28 ./Core/Startup/startup_stm32f103c6tx.o
 .debug_aranges
                0x00000000000001b8       0xe0 ./Drivers/STM32F1xx_HAL_Driver/Src/stm32f1xx_hal.o
 .debug_aranges
                0x0000000000000298      0x100 ./Drivers/STM32F1xx_HAL_Driver/Src/stm32f1xx_hal_cortex.o
 .debug_aranges
                0x0000000000000398       0x58 ./Drivers/STM32F1xx_HAL_Driver/Src/stm32f1xx_hal_gpio.o
 .debug_aranges
                0x00000000000003f0       0x90 ./Drivers/STM32F1xx_HAL_Driver/Src/stm32f1xx_hal_rcc.o
 .debug_aranges
                0x0000000000000480      0x3d0 ./Drivers/STM32F1xx_HAL_Driver/Src/stm32f1xx_hal_tim.o
 .debug_aranges
                0x0000000000000850      0x168 ./Drivers/STM32F1xx_HAL_Driver/Src/stm32f1xx_hal_tim_ex.o

.debug_rnglists
                0x0000000000000000      0x775
 .debug_rnglists
                0x0000000000000000       0x1b ./Core/Src/SEG7.o
 .debug_rnglists
                0x000000000000001b       0x33 ./Core/Src/main.o
 .debug_rnglists
                0x000000000000004e       0x44 ./Core/Src/software_timer.o
 .debug_rnglists
                0x0000000000000092       0x1f ./Core/Src/stm32f1xx_hal_msp.o
 .debug_rnglists
                0x00000000000000b1       0x49 ./Core/Src/stm32f1xx_it.o
 .debug_rnglists
                0x00000000000000fa       0x1a ./Core/Src/system_stm32f1xx.o
 .debug_rnglists
                0x0000000000000114       0x19 ./Core/Startup/startup_stm32f103c6tx.o
 .debug_rnglists
                0x000000000000012d       0xa3 ./Drivers/STM32F1xx_HAL_Driver/Src/stm32f1xx_hal.o
 .debug_rnglists
                0x00000000000001d0       0xbb ./Drivers/STM32F1xx_HAL_Driver/Src/stm32f1xx_hal_cortex.o
 .debug_rnglists
                0x000000000000028b       0x3f ./Drivers/STM32F1xx_HAL_Driver/Src/stm32f1xx_hal_gpio.o
 .debug_rnglists
                0x00000000000002ca       0x6c ./Drivers/STM32F1xx_HAL_Driver/Src/stm32f1xx_hal_rcc.o
 .debug_rnglists
                0x0000000000000336      0x31a ./Drivers/STM32F1xx_HAL_Driver/Src/stm32f1xx_hal_tim.o
 .debug_rnglists
                0x0000000000000650      0x125 ./Drivers/STM32F1xx_HAL_Driver/Src/stm32f1xx_hal_tim_ex.o

.debug_macro    0x0000000000000000    0x1653f
 .debug_macro   0x0000000000000000      0x1b0 ./Core/Src/SEG7.o
 .debug_macro   0x00000000000001b0      0xa9c ./Core/Src/SEG7.o
 .debug_macro   0x0000000000000c4c      0x215 ./Core/Src/SEG7.o
 .debug_macro   0x0000000000000e61       0x2e ./Core/Src/SEG7.o
 .debug_macro   0x0000000000000e8f       0x22 ./Core/Src/SEG7.o
 .debug_macro   0x0000000000000eb1       0x22 ./Core/Src/SEG7.o
 .debug_macro   0x0000000000000ed3       0x8e ./Core/Src/SEG7.o
 .debug_macro   0x0000000000000f61       0x51 ./Core/Src/SEG7.o
 .debug_macro   0x0000000000000fb2      0x103 ./Core/Src/SEG7.o
 .debug_macro   0x00000000000010b5       0x6a ./Core/Src/SEG7.o
 .debug_macro   0x000000000000111f      0x1df ./Core/Src/SEG7.o
 .debug_macro   0x00000000000012fe       0x1c ./Core/Src/SEG7.o
 .debug_macro   0x000000000000131a       0x22 ./Core/Src/SEG7.o
 .debug_macro   0x000000000000133c       0xbd ./Core/Src/SEG7.o
 .debug_macro   0x00000000000013f9      0xd23 ./Core/Src/SEG7.o
 .debug_macro   0x000000000000211c     0xde75 ./Core/Src/SEG7.o
 .debug_macro   0x000000000000ff91       0x6d ./Core/Src/SEG7.o
 .debug_macro   0x000000000000fffe     0x34a2 ./Core/Src/SEG7.o
 .debug_macro   0x00000000000134a0      0x174 ./Core/Src/SEG7.o
 .debug_macro   0x0000000000013614       0x5c ./Core/Src/SEG7.o
 .debug_macro   0x0000000000013670      0x5bc ./Core/Src/SEG7.o
 .debug_macro   0x0000000000013c2c      0x1b7 ./Core/Src/SEG7.o
 .debug_macro   0x0000000000013de3      0x1cb ./Core/Src/SEG7.o
 .debug_macro   0x0000000000013fae      0x114 ./Core/Src/SEG7.o
 .debug_macro   0x00000000000140c2      0x1b2 ./Core/Src/SEG7.o
 .debug_macro   0x0000000000014274       0x27 ./Core/Src/SEG7.o
 .debug_macro   0x000000000001429b      0x12f ./Core/Src/SEG7.o
 .debug_macro   0x00000000000143ca      0x1bc ./Core/Src/SEG7.o
 .debug_macro   0x0000000000014586       0x34 ./Core/Src/SEG7.o
 .debug_macro   0x00000000000145ba       0x3c ./Core/Src/SEG7.o
 .debug_macro   0x00000000000145f6       0x57 ./Core/Src/SEG7.o
 .debug_macro   0x000000000001464d       0x87 ./Core/Src/SEG7.o
 .debug_macro   0x00000000000146d4      0x183 ./Core/Src/SEG7.o
 .debug_macro   0x0000000000014857      0x140 ./Core/Src/SEG7.o
 .debug_macro   0x0000000000014997      0x8ed ./Core/Src/SEG7.o
 .debug_macro   0x0000000000015284       0x69 ./Core/Src/SEG7.o
 .debug_macro   0x00000000000152ed      0x160 ./Core/Src/SEG7.o
 .debug_macro   0x000000000001544d      0x1be ./Core/Src/main.o
 .debug_macro   0x000000000001560b       0x1b ./Core/Src/software_timer.o
 .debug_macro   0x0000000000015626      0x1a6 ./Core/Src/stm32f1xx_hal_msp.o
 .debug_macro   0x00000000000157cc      0x1b0 ./Core/Src/stm32f1xx_it.o
 .debug_macro   0x000000000001597c      0x197 ./Core/Src/system_stm32f1xx.o
 .debug_macro   0x0000000000015b13      0x1bb ./Drivers/STM32F1xx_HAL_Driver/Src/stm32f1xx_hal.o
 .debug_macro   0x0000000000015cce      0x197 ./Drivers/STM32F1xx_HAL_Driver/Src/stm32f1xx_hal_cortex.o
 .debug_macro   0x0000000000015e65      0x202 ./Drivers/STM32F1xx_HAL_Driver/Src/stm32f1xx_hal_gpio.o
 .debug_macro   0x0000000000016067      0x1a9 ./Drivers/STM32F1xx_HAL_Driver/Src/stm32f1xx_hal_rcc.o
 .debug_macro   0x0000000000016210      0x198 ./Drivers/STM32F1xx_HAL_Driver/Src/stm32f1xx_hal_tim.o
 .debug_macro   0x00000000000163a8      0x197 ./Drivers/STM32F1xx_HAL_Driver/Src/stm32f1xx_hal_tim_ex.o

.debug_line     0x0000000000000000     0xa9af
 .debug_line    0x0000000000000000      0x84e ./Core/Src/SEG7.o
 .debug_line    0x000000000000084e      0x8df ./Core/Src/main.o
 .debug_line    0x000000000000112d      0x1d3 ./Core/Src/software_timer.o
 .debug_line    0x0000000000001300      0x7d3 ./Core/Src/stm32f1xx_hal_msp.o
 .debug_line    0x0000000000001ad3      0x871 ./Core/Src/stm32f1xx_it.o
 .debug_line    0x0000000000002344      0x815 ./Core/Src/system_stm32f1xx.o
 .debug_line    0x0000000000002b59       0x78 ./Core/Startup/startup_stm32f103c6tx.o
 .debug_line    0x0000000000002bd1      0xa42 ./Drivers/STM32F1xx_HAL_Driver/Src/stm32f1xx_hal.o
 .debug_line    0x0000000000003613      0xc2a ./Drivers/STM32F1xx_HAL_Driver/Src/stm32f1xx_hal_cortex.o
 .debug_line    0x000000000000423d      0xac6 ./Drivers/STM32F1xx_HAL_Driver/Src/stm32f1xx_hal_gpio.o
 .debug_line    0x0000000000004d03      0xe4b ./Drivers/STM32F1xx_HAL_Driver/Src/stm32f1xx_hal_rcc.o
 .debug_line    0x0000000000005b4e     0x3500 ./Drivers/STM32F1xx_HAL_Driver/Src/stm32f1xx_hal_tim.o
 .debug_line    0x000000000000904e     0x1961 ./Drivers/STM32F1xx_HAL_Driver/Src/stm32f1xx_hal_tim_ex.o

.debug_str      0x0000000000000000    0x823b0
 .debug_str     0x0000000000000000    0x7f834 ./Core/Src/SEG7.o
                                      0x7fb5b (size before relaxing)
 .debug_str     0x000000000007f834      0x806 ./Core/Src/main.o
                                      0x803d6 (size before relaxing)
 .debug_str     0x000000000008003a      0x12d ./Core/Src/software_timer.o
                                       0x2ed9 (size before relaxing)
 .debug_str     0x0000000000080167      0x300 ./Core/Src/stm32f1xx_hal_msp.o
                                      0x80306 (size before relaxing)
 .debug_str     0x0000000000080467       0xec ./Core/Src/stm32f1xx_it.o
                                      0x80041 (size before relaxing)
 .debug_str     0x0000000000080553       0x88 ./Core/Src/system_stm32f1xx.o
                                      0x7f6b9 (size before relaxing)
 .debug_str     0x00000000000805db       0x34 ./Core/Startup/startup_stm32f103c6tx.o
                                         0x54 (size before relaxing)
 .debug_str     0x000000000008060f      0x38e ./Drivers/STM32F1xx_HAL_Driver/Src/stm32f1xx_hal.o
                                      0x7fdb2 (size before relaxing)
 .debug_str     0x000000000008099d      0x294 ./Drivers/STM32F1xx_HAL_Driver/Src/stm32f1xx_hal_cortex.o
                                      0x7fcfe (size before relaxing)
 .debug_str     0x0000000000080c31      0x2e3 ./Drivers/STM32F1xx_HAL_Driver/Src/stm32f1xx_hal_gpio.o
                                      0x7fa3f (size before relaxing)
 .debug_str     0x0000000000080f14      0x229 ./Drivers/STM32F1xx_HAL_Driver/Src/stm32f1xx_hal_rcc.o
                                      0x7fae8 (size before relaxing)
 .debug_str     0x000000000008113d      0xde0 ./Drivers/STM32F1xx_HAL_Driver/Src/stm32f1xx_hal_tim.o
                                      0x80aea (size before relaxing)
 .debug_str     0x0000000000081f1d      0x493 ./Drivers/STM32F1xx_HAL_Driver/Src/stm32f1xx_hal_tim_ex.o
                                      0x802f6 (size before relaxing)

.debug_frame    0x0000000000000000     0x2794
 .debug_frame   0x0000000000000000       0x5c ./Core/Src/SEG7.o
 .debug_frame   0x000000000000005c       0xd8 ./Core/Src/main.o
 .debug_frame   0x0000000000000134      0x170 ./Core/Src/software_timer.o
 .debug_frame   0x00000000000002a4       0x80 ./Core/Src/stm32f1xx_hal_msp.o
 .debug_frame   0x0000000000000324      0x120 ./Core/Src/stm32f1xx_it.o
 .debug_frame   0x0000000000000444       0x58 ./Core/Src/system_stm32f1xx.o
 .debug_frame   0x000000000000049c      0x334 ./Drivers/STM32F1xx_HAL_Driver/Src/stm32f1xx_hal.o
 .debug_frame   0x00000000000007d0      0x428 ./Drivers/STM32F1xx_HAL_Driver/Src/stm32f1xx_hal_cortex.o
 .debug_frame   0x0000000000000bf8      0x14c ./Drivers/STM32F1xx_HAL_Driver/Src/stm32f1xx_hal_gpio.o
 .debug_frame   0x0000000000000d44      0x218 ./Drivers/STM32F1xx_HAL_Driver/Src/stm32f1xx_hal_rcc.o
 .debug_frame   0x0000000000000f5c     0x11b4 ./Drivers/STM32F1xx_HAL_Driver/Src/stm32f1xx_hal_tim.o
 .debug_frame   0x0000000000002110      0x638 ./Drivers/STM32F1xx_HAL_Driver/Src/stm32f1xx_hal_tim_ex.o
 .debug_frame   0x0000000000002748       0x20 D:/PhanMemSTM32CUBE/PhanmemCUBEIDE+workspace/STM32CubeIDE/plugins/com.st.stm32cube.ide.mcu.externaltools.gnu-tools-for-stm32.11.3.rel1.win32_1.1.100.202309141235/tools/bin/../lib/gcc/arm-none-eabi/11.3.1/../../../../arm-none-eabi/lib/thumb/v7-m/nofp\libc_nano.a(libc_a-memset.o)
 .debug_frame   0x0000000000002768       0x2c D:/PhanMemSTM32CUBE/PhanmemCUBEIDE+workspace/STM32CubeIDE/plugins/com.st.stm32cube.ide.mcu.externaltools.gnu-tools-for-stm32.11.3.rel1.win32_1.1.100.202309141235/tools/bin/../lib/gcc/arm-none-eabi/11.3.1/../../../../arm-none-eabi/lib/thumb/v7-m/nofp\libc_nano.a(libc_a-init.o)

.debug_line_str
                0x0000000000000000       0x48
 .debug_line_str
                0x0000000000000000       0x48 ./Core/Startup/startup_stm32f103c6tx.o
                                         0x60 (size before relaxing)
