23:34:41 **** Incremental Build of configuration Debug for project LAB_2 ****
make -j8 all 
arm-none-eabi-gcc -o "LAB_2.elf" @"objects.list"   -mcpu=cortex-m3 -T"D:\LAB VXL\GIT_LAB2\LAB_2\STM32F103C6TX_FLASH.ld" --specs=nosys.specs -Wl,-Map="LAB_2.map" -Wl,--gc-sections -static --specs=nano.specs -mfloat-abi=soft -mthumb -Wl,--start-group -lc -lm -Wl,--end-group
Finished building target: LAB_2.elf
 
arm-none-eabi-size  LAB_2.elf 
arm-none-eabi-objdump -h -S LAB_2.elf  > "LAB_2.list"
arm-none-eabi-objcopy  -O ihex LAB_2.elf  "LAB_2.hex"
   text	   data	    bss	    dec	    hex	filename
   7028	     20	   1652	   8700	   21fc	LAB_2.elf
Finished building: default.size.stdout
 
Finished building: LAB_2.list
 
Finished building: LAB_2.hex
 
