00:36:25 **** Incremental Build of configuration Debug for project LAB_2 ****
make -j8 all 
arm-none-eabi-gcc "../Core/Src/LED_MATRIX.c" -mcpu=cortex-m3 -std=gnu11 -g3 -DDEBUG -DUSE_HAL_DRIVER -DSTM32F103x6 -c -I../Core/Inc -I../Drivers/STM32F1xx_HAL_Driver/Inc/Legacy -I../Drivers/STM32F1xx_HAL_Driver/Inc -I../Drivers/CMSIS/Device/ST/STM32F1xx/Include -I../Drivers/CMSIS/Include -O0 -ffunction-sections -fdata-sections -Wall -fstack-usage -fcyclomatic-complexity -MMD -MP -MF"Core/Src/LED_MATRIX.d" -MT"Core/Src/LED_MATRIX.o" --specs=nano.specs -mfloat-abi=soft -mthumb -o "Core/Src/LED_MATRIX.o"
arm-none-eabi-gcc -o "LAB_2.elf" @"objects.list"   -mcpu=cortex-m3 -T"D:\LAB VXL\GIT_LAB2\LAB_2\STM32F103C6TX_FLASH.ld" --specs=nosys.specs -Wl,-Map="LAB_2.map" -Wl,--gc-sections -static --specs=nano.specs -mfloat-abi=soft -mthumb -Wl,--start-group -lc -lm -Wl,--end-group
Finished building target: LAB_2.elf
 
arm-none-eabi-size  LAB_2.elf 
arm-none-eabi-objdump -h -S LAB_2.elf  > "LAB_2.list"
arm-none-eabi-objcopy  -O ihex LAB_2.elf  "LAB_2.hex"
   text	   data	    bss	    dec	    hex	filename
   8048	     52	   1708	   9808	   2650	LAB_2.elf
Finished building: default.size.stdout
 
Finished building: LAB_2.hex
 
Finished building: LAB_2.list
 

00:36:25 Build Finished. 0 errors, 0 warnings. (took 609ms)

